+ .venv/bin/python -m twomove.sweep --stage s2b --materials k_pawns8 --regimes ET --games 512 --nodes 12000 --out experiments/results/ocean --workers 20
1 points, 512 games max
  s2b-k_pawns8-ET: mat=k_pawns8|reg=ET|nc2=0|dp2=0|k=1|dbl=W|first=W|n=12000|e=search x512
== s2b-k_pawns8-ET -> experiments/results/ocean/s2b-k_pawns8-ET.jsonl
  [s2b-k_pawns8-ET] 1/512 games (284/h, eta 108m)
  [s2b-k_pawns8-ET] 2/512 games (481/h, eta 64m)
  [s2b-k_pawns8-ET] 3/512 games (545/h, eta 56m)
  [s2b-k_pawns8-ET] 4/512 games (712/h, eta 43m)
  [s2b-k_pawns8-ET] 5/512 games (880/h, eta 35m)
  [s2b-k_pawns8-ET] 6/512 games (1034/h, eta 29m)
  [s2b-k_pawns8-ET] 7/512 games (1162/h, eta 26m)
  [s2b-k_pawns8-ET] 8/512 games (1169/h, eta 26m)
  [s2b-k_pawns8-ET] 9/512 games (1298/h, eta 23m)
  [s2b-k_pawns8-ET] 10/512 games (1424/h, eta 21m)
  [s2b-k_pawns8-ET] 11/512 games (1436/h, eta 21m)
  [s2b-k_pawns8-ET] 12/512 games (1559/h, eta 19m)
  [s2b-k_pawns8-ET] 13/512 games (1676/h, eta 18m)
  [s2b-k_pawns8-ET] 14/512 games (1789/h, eta 17m)
  [s2b-k_pawns8-ET] 15/512 games (1640/h, eta 18m)
  [s2b-k_pawns8-ET] 16/512 games (1661/h, eta 18m)
  [s2b-k_pawns8-ET] 17/512 games (1722/h, eta 17m)
  [s2b-k_pawns8-ET] 18/512 games (1728/h, eta 17m)
  [s2b-k_pawns8-ET] 19/512 games (1774/h, eta 17m)
  [s2b-k_pawns8-ET] 20/512 games (1826/h, eta 16m)
  [s2b-k_pawns8-ET] 21/512 games (1832/h, eta 16m)
  [s2b-k_pawns8-ET] 22/512 games (1733/h, eta 17m)
  [s2b-k_pawns8-ET] 23/512 games (1747/h, eta 17m)
  [s2b-k_pawns8-ET] 24/512 games (1814/h, eta 16m)
  [s2b-k_pawns8-ET] 25/512 games (1888/h, eta 15m)
  [s2b-k_pawns8-ET] 26/512 games (1913/h, eta 15m)
  [s2b-k_pawns8-ET] 27/512 games (1962/h, eta 15m)
  [s2b-k_pawns8-ET] 28/512 games (2023/h, eta 14m)
  [s2b-k_pawns8-ET] 29/512 games (2089/h, eta 14m)
  [s2b-k_pawns8-ET] 30/512 games (2044/h, eta 14m)
  [s2b-k_pawns8-ET] 31/512 games (2108/h, eta 14m)
  [s2b-k_pawns8-ET] 32/512 games (2104/h, eta 14m)
  [s2b-k_pawns8-ET] 33/512 games (2144/h, eta 13m)
  [s2b-k_pawns8-ET] 34/512 games (2070/h, eta 14m)
  [s2b-k_pawns8-ET] 35/512 games (2045/h, eta 14m)
  [s2b-k_pawns8-ET] 36/512 games (2100/h, eta 14m)
  [s2b-k_pawns8-ET] 37/512 games (2112/h, eta 13m)
  [s2b-k_pawns8-ET] 38/512 games (2132/h, eta 13m)
  [s2b-k_pawns8-ET] 39/512 games (2141/h, eta 13m)
  [s2b-k_pawns8-ET] 40/512 games (2191/h, eta 13m)
  [s2b-k_pawns8-ET] 41/512 games (2223/h, eta 13m)
  [s2b-k_pawns8-ET] 42/512 games (2261/h, eta 12m)
  [s2b-k_pawns8-ET] 43/512 games (2213/h, eta 13m)
  [s2b-k_pawns8-ET] 44/512 games (2248/h, eta 12m)
  [s2b-k_pawns8-ET] 45/512 games (2261/h, eta 12m)
  [s2b-k_pawns8-ET] 46/512 games (2202/h, eta 13m)
  [s2b-k_pawns8-ET] 47/512 games (2229/h, eta 13m)
  [s2b-k_pawns8-ET] 48/512 games (2210/h, eta 13m)
  [s2b-k_pawns8-ET] 49/512 games (2153/h, eta 13m)
  [s2b-k_pawns8-ET] 50/512 games (2162/h, eta 13m)
  [s2b-k_pawns8-ET] 51/512 games (2202/h, eta 13m)
  [s2b-k_pawns8-ET] 52/512 games (2225/h, eta 12m)
  [s2b-k_pawns8-ET] 53/512 games (2267/h, eta 12m)
  [s2b-k_pawns8-ET] 54/512 games (2258/h, eta 12m)
  [s2b-k_pawns8-ET] 55/512 games (2252/h, eta 12m)
  [s2b-k_pawns8-ET] 56/512 games (2274/h, eta 12m)
  [s2b-k_pawns8-ET] 57/512 games (2175/h, eta 13m)
  [s2b-k_pawns8-ET] 58/512 games (2204/h, eta 12m)
  [s2b-k_pawns8-ET] 59/512 games (2214/h, eta 12m)
  [s2b-k_pawns8-ET] 60/512 games (2231/h, eta 12m)
  [s2b-k_pawns8-ET] 61/512 games (2156/h, eta 13m)
  [s2b-k_pawns8-ET] 62/512 games (2175/h, eta 12m)
  [s2b-k_pawns8-ET] 63/512 games (2108/h, eta 13m)
  [s2b-k_pawns8-ET] 64/512 games (2134/h, eta 13m)
  [s2b-k_pawns8-ET] 65/512 games (2135/h, eta 13m)
  [s2b-k_pawns8-ET] 66/512 games (2145/h, eta 12m)
  [s2b-k_pawns8-ET] 67/512 games (2137/h, eta 12m)
  [s2b-k_pawns8-ET] 68/512 games (2160/h, eta 12m)
  [s2b-k_pawns8-ET] 69/512 games (2178/h, eta 12m)
  [s2b-k_pawns8-ET] 70/512 games (2185/h, eta 12m)
  [s2b-k_pawns8-ET] 71/512 games (2207/h, eta 12m)
  [s2b-k_pawns8-ET] 72/512 games (2213/h, eta 12m)
  [s2b-k_pawns8-ET] 73/512 games (2226/h, eta 12m)
  [s2b-k_pawns8-ET] 74/512 games (2220/h, eta 12m)
  [s2b-k_pawns8-ET] 75/512 games (2177/h, eta 12m)
  [s2b-k_pawns8-ET] 76/512 games (2180/h, eta 12m)
  [s2b-k_pawns8-ET] 77/512 games (2189/h, eta 12m)
  [s2b-k_pawns8-ET] 78/512 games (2186/h, eta 12m)
  [s2b-k_pawns8-ET] 79/512 games (2166/h, eta 12m)
  [s2b-k_pawns8-ET] 80/512 games (2188/h, eta 12m)
  [s2b-k_pawns8-ET] 81/512 games (2163/h, eta 12m)
  [s2b-k_pawns8-ET] 82/512 games (2175/h, eta 12m)
  [s2b-k_pawns8-ET] 83/512 games (2178/h, eta 12m)
  [s2b-k_pawns8-ET] 84/512 games (2170/h, eta 12m)
  [s2b-k_pawns8-ET] 85/512 games (2188/h, eta 12m)
  [s2b-k_pawns8-ET] 86/512 games (2127/h, eta 12m)
  [s2b-k_pawns8-ET] 87/512 games (2140/h, eta 12m)
  [s2b-k_pawns8-ET] 88/512 games (2162/h, eta 12m)
  [s2b-k_pawns8-ET] 89/512 games (2179/h, eta 12m)
  [s2b-k_pawns8-ET] 90/512 games (2202/h, eta 11m)
  [s2b-k_pawns8-ET] 91/512 games (2216/h, eta 11m)
  [s2b-k_pawns8-ET] 92/512 games (2184/h, eta 12m)
  [s2b-k_pawns8-ET] 93/512 games (2202/h, eta 11m)
  [s2b-k_pawns8-ET] 94/512 games (2218/h, eta 11m)
  [s2b-k_pawns8-ET] 95/512 games (2242/h, eta 11m)
  [s2b-k_pawns8-ET] 96/512 games (2253/h, eta 11m)
  [s2b-k_pawns8-ET] 97/512 games (2226/h, eta 11m)
  [s2b-k_pawns8-ET] 98/512 games (2233/h, eta 11m)
  [s2b-k_pawns8-ET] 99/512 games (2222/h, eta 11m)
  [s2b-k_pawns8-ET] 100/512 games (2243/h, eta 11m)
  [s2b-k_pawns8-ET] 101/512 games (2239/h, eta 11m)
  [s2b-k_pawns8-ET] 102/512 games (2258/h, eta 11m)
  [s2b-k_pawns8-ET] 103/512 games (2275/h, eta 11m)
  [s2b-k_pawns8-ET] 104/512 games (2228/h, eta 11m)
  [s2b-k_pawns8-ET] 105/512 games (2200/h, eta 11m)
  [s2b-k_pawns8-ET] 106/512 games (2212/h, eta 11m)
  [s2b-k_pawns8-ET] 107/512 games (2226/h, eta 11m)
  [s2b-k_pawns8-ET] 108/512 games (2218/h, eta 11m)
  [s2b-k_pawns8-ET] 109/512 games (2220/h, eta 11m)
  [s2b-k_pawns8-ET] 110/512 games (2214/h, eta 11m)
  [s2b-k_pawns8-ET] 111/512 games (2233/h, eta 11m)
  [s2b-k_pawns8-ET] 112/512 games (2230/h, eta 11m)
  [s2b-k_pawns8-ET] 113/512 games (2216/h, eta 11m)
  [s2b-k_pawns8-ET] 114/512 games (2205/h, eta 11m)
  [s2b-k_pawns8-ET] 115/512 games (2207/h, eta 11m)
  [s2b-k_pawns8-ET] 116/512 games (2213/h, eta 11m)
  [s2b-k_pawns8-ET] 117/512 games (2222/h, eta 11m)
  [s2b-k_pawns8-ET] 118/512 games (2197/h, eta 11m)
  [s2b-k_pawns8-ET] 119/512 games (2211/h, eta 11m)
  [s2b-k_pawns8-ET] 120/512 games (2229/h, eta 11m)
  [s2b-k_pawns8-ET] 121/512 games (2247/h, eta 10m)
  [s2b-k_pawns8-ET] 122/512 games (2253/h, eta 10m)
  [s2b-k_pawns8-ET] 123/512 games (2249/h, eta 10m)
  [s2b-k_pawns8-ET] 124/512 games (2256/h, eta 10m)
  [s2b-k_pawns8-ET] 125/512 games (2268/h, eta 10m)
  [s2b-k_pawns8-ET] 126/512 games (2260/h, eta 10m)
  [s2b-k_pawns8-ET] 127/512 games (2255/h, eta 10m)
  [s2b-k_pawns8-ET] 128/512 games (2263/h, eta 10m)
  [s2b-k_pawns8-ET] 129/512 games (2278/h, eta 10m)
  [s2b-k_pawns8-ET] 130/512 games (2285/h, eta 10m)
  [s2b-k_pawns8-ET] 131/512 games (2298/h, eta 10m)
  [s2b-k_pawns8-ET] 132/512 games (2267/h, eta 10m)
  [s2b-k_pawns8-ET] 133/512 games (2252/h, eta 10m)
  [s2b-k_pawns8-ET] 134/512 games (2224/h, eta 10m)
  [s2b-k_pawns8-ET] 135/512 games (2238/h, eta 10m)
  [s2b-k_pawns8-ET] 136/512 games (2245/h, eta 10m)
  [s2b-k_pawns8-ET] 137/512 games (2223/h, eta 10m)
  [s2b-k_pawns8-ET] 138/512 games (2238/h, eta 10m)
  [s2b-k_pawns8-ET] 139/512 games (2238/h, eta 10m)
  [s2b-k_pawns8-ET] 140/512 games (2246/h, eta 10m)
  [s2b-k_pawns8-ET] 141/512 games (2254/h, eta 10m)
  [s2b-k_pawns8-ET] 142/512 games (2262/h, eta 10m)
  [s2b-k_pawns8-ET] 143/512 games (2265/h, eta 10m)
  [s2b-k_pawns8-ET] 144/512 games (2255/h, eta 10m)
  [s2b-k_pawns8-ET] 145/512 games (2243/h, eta 10m)
  [s2b-k_pawns8-ET] 146/512 games (2246/h, eta 10m)
  [s2b-k_pawns8-ET] 147/512 games (2241/h, eta 10m)
  [s2b-k_pawns8-ET] 148/512 games (2240/h, eta 10m)
  [s2b-k_pawns8-ET] 149/512 games (2245/h, eta 10m)
  [s2b-k_pawns8-ET] 150/512 games (2249/h, eta 10m)
  [s2b-k_pawns8-ET] 151/512 games (2235/h, eta 10m)
  [s2b-k_pawns8-ET] 152/512 games (2249/h, eta 10m)
  [s2b-k_pawns8-ET] 153/512 games (2254/h, eta 10m)
  [s2b-k_pawns8-ET] 154/512 games (2263/h, eta 9m)
  [s2b-k_pawns8-ET] 155/512 games (2264/h, eta 9m)
  [s2b-k_pawns8-ET] 156/512 games (2256/h, eta 9m)
  [s2b-k_pawns8-ET] 157/512 games (2266/h, eta 9m)
  [s2b-k_pawns8-ET] 158/512 games (2276/h, eta 9m)
  [s2b-k_pawns8-ET] 159/512 games (2283/h, eta 9m)
  [s2b-k_pawns8-ET] 160/512 games (2290/h, eta 9m)
  [s2b-k_pawns8-ET] 161/512 games (2283/h, eta 9m)
  [s2b-k_pawns8-ET] 162/512 games (2284/h, eta 9m)
  [s2b-k_pawns8-ET] 163/512 games (2288/h, eta 9m)
  [s2b-k_pawns8-ET] 164/512 games (2291/h, eta 9m)
  [s2b-k_pawns8-ET] 165/512 games (2276/h, eta 9m)
  [s2b-k_pawns8-ET] 166/512 games (2285/h, eta 9m)
  [s2b-k_pawns8-ET] 167/512 games (2298/h, eta 9m)
  [s2b-k_pawns8-ET] 168/512 games (2285/h, eta 9m)
  [s2b-k_pawns8-ET] 169/512 games (2298/h, eta 9m)
  [s2b-k_pawns8-ET] 170/512 games (2255/h, eta 9m)
  [s2b-k_pawns8-ET] 171/512 games (2254/h, eta 9m)
  [s2b-k_pawns8-ET] 172/512 games (2242/h, eta 9m)
  [s2b-k_pawns8-ET] 173/512 games (2235/h, eta 9m)
  [s2b-k_pawns8-ET] 174/512 games (2241/h, eta 9m)
  [s2b-k_pawns8-ET] 175/512 games (2250/h, eta 9m)
  [s2b-k_pawns8-ET] 176/512 games (2238/h, eta 9m)
  [s2b-k_pawns8-ET] 177/512 games (2233/h, eta 9m)
  [s2b-k_pawns8-ET] 178/512 games (2236/h, eta 9m)
  [s2b-k_pawns8-ET] 179/512 games (2246/h, eta 9m)
  [s2b-k_pawns8-ET] 180/512 games (2252/h, eta 9m)
  [s2b-k_pawns8-ET] 181/512 games (2248/h, eta 9m)
  [s2b-k_pawns8-ET] 182/512 games (2255/h, eta 9m)
  [s2b-k_pawns8-ET] 183/512 games (2262/h, eta 9m)
  [s2b-k_pawns8-ET] 184/512 games (2254/h, eta 9m)
  [s2b-k_pawns8-ET] 185/512 games (2246/h, eta 9m)
  [s2b-k_pawns8-ET] 186/512 games (2258/h, eta 9m)
  [s2b-k_pawns8-ET] 187/512 games (2261/h, eta 9m)
  [s2b-k_pawns8-ET] 188/512 games (2263/h, eta 9m)
  [s2b-k_pawns8-ET] 189/512 games (2272/h, eta 9m)
  [s2b-k_pawns8-ET] 190/512 games (2259/h, eta 9m)
  [s2b-k_pawns8-ET] 191/512 games (2249/h, eta 9m)
  [s2b-k_pawns8-ET] 192/512 games (2252/h, eta 9m)
  [s2b-k_pawns8-ET] 193/512 games (2256/h, eta 8m)
  [s2b-k_pawns8-ET] 194/512 games (2261/h, eta 8m)
  [s2b-k_pawns8-ET] 195/512 games (2259/h, eta 8m)
  [s2b-k_pawns8-ET] 196/512 games (2253/h, eta 8m)
  [s2b-k_pawns8-ET] 197/512 games (2254/h, eta 8m)
  [s2b-k_pawns8-ET] 198/512 games (2252/h, eta 8m)
  [s2b-k_pawns8-ET] 199/512 games (2261/h, eta 8m)
  [s2b-k_pawns8-ET] 200/512 games (2254/h, eta 8m)
  [s2b-k_pawns8-ET] 201/512 games (2238/h, eta 8m)
  [s2b-k_pawns8-ET] 202/512 games (2246/h, eta 8m)
  [s2b-k_pawns8-ET] 203/512 games (2255/h, eta 8m)
  [s2b-k_pawns8-ET] 204/512 games (2259/h, eta 8m)
  [s2b-k_pawns8-ET] 205/512 games (2263/h, eta 8m)
  [s2b-k_pawns8-ET] 206/512 games (2269/h, eta 8m)
  [s2b-k_pawns8-ET] 207/512 games (2269/h, eta 8m)
  [s2b-k_pawns8-ET] 208/512 games (2276/h, eta 8m)
  [s2b-k_pawns8-ET] 209/512 games (2284/h, eta 8m)
  [s2b-k_pawns8-ET] 210/512 games (2284/h, eta 8m)
  [s2b-k_pawns8-ET] 211/512 games (2278/h, eta 8m)
  [s2b-k_pawns8-ET] 212/512 games (2269/h, eta 8m)
  [s2b-k_pawns8-ET] 213/512 games (2266/h, eta 8m)
  [s2b-k_pawns8-ET] 214/512 games (2262/h, eta 8m)
  [s2b-k_pawns8-ET] 215/512 games (2264/h, eta 8m)
  [s2b-k_pawns8-ET] 216/512 games (2241/h, eta 8m)
  [s2b-k_pawns8-ET] 217/512 games (2251/h, eta 8m)
  [s2b-k_pawns8-ET] 218/512 games (2241/h, eta 8m)
  [s2b-k_pawns8-ET] 219/512 games (2247/h, eta 8m)
  [s2b-k_pawns8-ET] 220/512 games (2245/h, eta 8m)
  [s2b-k_pawns8-ET] 221/512 games (2252/h, eta 8m)
  [s2b-k_pawns8-ET] 222/512 games (2262/h, eta 8m)
  [s2b-k_pawns8-ET] 223/512 games (2265/h, eta 8m)
  [s2b-k_pawns8-ET] 224/512 games (2267/h, eta 8m)
  [s2b-k_pawns8-ET] 225/512 games (2245/h, eta 8m)
  [s2b-k_pawns8-ET] 226/512 games (2248/h, eta 8m)
  [s2b-k_pawns8-ET] 227/512 games (2253/h, eta 8m)
  [s2b-k_pawns8-ET] 228/512 games (2252/h, eta 8m)
  [s2b-k_pawns8-ET] 229/512 games (2250/h, eta 8m)
  [s2b-k_pawns8-ET] 230/512 games (2252/h, eta 8m)
  [s2b-k_pawns8-ET] 231/512 games (2259/h, eta 7m)
  [s2b-k_pawns8-ET] 232/512 games (2252/h, eta 7m)
  [s2b-k_pawns8-ET] 233/512 games (2260/h, eta 7m)
  [s2b-k_pawns8-ET] 234/512 games (2249/h, eta 7m)
  [s2b-k_pawns8-ET] 235/512 games (2257/h, eta 7m)
  [s2b-k_pawns8-ET] 236/512 games (2267/h, eta 7m)
  [s2b-k_pawns8-ET] 237/512 games (2270/h, eta 7m)
  [s2b-k_pawns8-ET] 238/512 games (2269/h, eta 7m)
  [s2b-k_pawns8-ET] 239/512 games (2263/h, eta 7m)
  [s2b-k_pawns8-ET] 240/512 games (2265/h, eta 7m)
  [s2b-k_pawns8-ET] 241/512 games (2266/h, eta 7m)
  [s2b-k_pawns8-ET] 242/512 games (2274/h, eta 7m)
  [s2b-k_pawns8-ET] 243/512 games (2276/h, eta 7m)
  [s2b-k_pawns8-ET] 244/512 games (2262/h, eta 7m)
  [s2b-k_pawns8-ET] 245/512 games (2260/h, eta 7m)
  [s2b-k_pawns8-ET] 246/512 games (2247/h, eta 7m)
  [s2b-k_pawns8-ET] 247/512 games (2247/h, eta 7m)
  [s2b-k_pawns8-ET] 248/512 games (2256/h, eta 7m)
  [s2b-k_pawns8-ET] 249/512 games (2264/h, eta 7m)
  [s2b-k_pawns8-ET] 250/512 games (2273/h, eta 7m)
  [s2b-k_pawns8-ET] 251/512 games (2281/h, eta 7m)
  [s2b-k_pawns8-ET] 252/512 games (2277/h, eta 7m)
  [s2b-k_pawns8-ET] 253/512 games (2279/h, eta 7m)
  [s2b-k_pawns8-ET] 254/512 games (2287/h, eta 7m)
  [s2b-k_pawns8-ET] 255/512 games (2283/h, eta 7m)
  [s2b-k_pawns8-ET] 256/512 games (2285/h, eta 7m)
  [s2b-k_pawns8-ET] 257/512 games (2287/h, eta 7m)
  [s2b-k_pawns8-ET] 258/512 games (2282/h, eta 7m)
  [s2b-k_pawns8-ET] 259/512 games (2258/h, eta 7m)
  [s2b-k_pawns8-ET] 260/512 games (2264/h, eta 7m)
  [s2b-k_pawns8-ET] 261/512 games (2266/h, eta 7m)
  [s2b-k_pawns8-ET] 262/512 games (2272/h, eta 7m)
  [s2b-k_pawns8-ET] 263/512 games (2268/h, eta 7m)
  [s2b-k_pawns8-ET] 264/512 games (2269/h, eta 7m)
  [s2b-k_pawns8-ET] 265/512 games (2262/h, eta 7m)
  [s2b-k_pawns8-ET] 266/512 games (2270/h, eta 7m)
  [s2b-k_pawns8-ET] 267/512 games (2278/h, eta 6m)
  [s2b-k_pawns8-ET] 268/512 games (2280/h, eta 6m)
  [s2b-k_pawns8-ET] 269/512 games (2288/h, eta 6m)
  [s2b-k_pawns8-ET] 270/512 games (2270/h, eta 6m)
  [s2b-k_pawns8-ET] 271/512 games (2276/h, eta 6m)
  [s2b-k_pawns8-ET] 272/512 games (2278/h, eta 6m)
  [s2b-k_pawns8-ET] 273/512 games (2267/h, eta 6m)
  [s2b-k_pawns8-ET] 274/512 games (2253/h, eta 6m)
  [s2b-k_pawns8-ET] 275/512 games (2256/h, eta 6m)
  [s2b-k_pawns8-ET] 276/512 games (2259/h, eta 6m)
  [s2b-k_pawns8-ET] 277/512 games (2260/h, eta 6m)
  [s2b-k_pawns8-ET] 278/512 games (2268/h, eta 6m)
  [s2b-k_pawns8-ET] 279/512 games (2256/h, eta 6m)
  [s2b-k_pawns8-ET] 280/512 games (2261/h, eta 6m)
  [s2b-k_pawns8-ET] 281/512 games (2250/h, eta 6m)
  [s2b-k_pawns8-ET] 282/512 games (2254/h, eta 6m)
  [s2b-k_pawns8-ET] 283/512 games (2247/h, eta 6m)
  [s2b-k_pawns8-ET] 284/512 games (2252/h, eta 6m)
  [s2b-k_pawns8-ET] 285/512 games (2260/h, eta 6m)
  [s2b-k_pawns8-ET] 286/512 games (2265/h, eta 6m)
  [s2b-k_pawns8-ET] 287/512 games (2267/h, eta 6m)
  [s2b-k_pawns8-ET] 288/512 games (2265/h, eta 6m)
  [s2b-k_pawns8-ET] 289/512 games (2266/h, eta 6m)
  [s2b-k_pawns8-ET] 290/512 games (2267/h, eta 6m)
  [s2b-k_pawns8-ET] 291/512 games (2270/h, eta 6m)
  [s2b-k_pawns8-ET] 292/512 games (2263/h, eta 6m)
  [s2b-k_pawns8-ET] 293/512 games (2268/h, eta 6m)
  [s2b-k_pawns8-ET] 294/512 games (2274/h, eta 6m)
  [s2b-k_pawns8-ET] 295/512 games (2279/h, eta 6m)
  [s2b-k_pawns8-ET] 296/512 games (2250/h, eta 6m)
  [s2b-k_pawns8-ET] 297/512 games (2255/h, eta 6m)
  [s2b-k_pawns8-ET] 298/512 games (2257/h, eta 6m)
  [s2b-k_pawns8-ET] 299/512 games (2262/h, eta 6m)
  [s2b-k_pawns8-ET] 300/512 games (2268/h, eta 6m)
  [s2b-k_pawns8-ET] 301/512 games (2268/h, eta 6m)
  [s2b-k_pawns8-ET] 302/512 games (2275/h, eta 6m)
  [s2b-k_pawns8-ET] 303/512 games (2266/h, eta 6m)
  [s2b-k_pawns8-ET] 304/512 games (2269/h, eta 6m)
  [s2b-k_pawns8-ET] 305/512 games (2237/h, eta 6m)
  [s2b-k_pawns8-ET] 306/512 games (2243/h, eta 6m)
  [s2b-k_pawns8-ET] 307/512 games (2248/h, eta 5m)
  [s2b-k_pawns8-ET] 308/512 games (2255/h, eta 5m)
  [s2b-k_pawns8-ET] 309/512 games (2257/h, eta 5m)
  [s2b-k_pawns8-ET] 310/512 games (2262/h, eta 5m)
  [s2b-k_pawns8-ET] 311/512 games (2269/h, eta 5m)
  [s2b-k_pawns8-ET] 312/512 games (2275/h, eta 5m)
  [s2b-k_pawns8-ET] 313/512 games (2282/h, eta 5m)
  [s2b-k_pawns8-ET] 314/512 games (2265/h, eta 5m)
  [s2b-k_pawns8-ET] 315/512 games (2269/h, eta 5m)
  [s2b-k_pawns8-ET] 316/512 games (2262/h, eta 5m)
  [s2b-k_pawns8-ET] 317/512 games (2265/h, eta 5m)
  [s2b-k_pawns8-ET] 318/512 games (2263/h, eta 5m)
  [s2b-k_pawns8-ET] 319/512 games (2253/h, eta 5m)
  [s2b-k_pawns8-ET] 320/512 games (2257/h, eta 5m)
  [s2b-k_pawns8-ET] 321/512 games (2257/h, eta 5m)
  [s2b-k_pawns8-ET] 322/512 games (2264/h, eta 5m)
  [s2b-k_pawns8-ET] 323/512 games (2269/h, eta 5m)
  [s2b-k_pawns8-ET] 324/512 games (2274/h, eta 5m)
  [s2b-k_pawns8-ET] 325/512 games (2281/h, eta 5m)
  [s2b-k_pawns8-ET] 326/512 games (2281/h, eta 5m)
  [s2b-k_pawns8-ET] 327/512 games (2284/h, eta 5m)
  [s2b-k_pawns8-ET] 328/512 games (2290/h, eta 5m)
  [s2b-k_pawns8-ET] 329/512 games (2290/h, eta 5m)
  [s2b-k_pawns8-ET] 330/512 games (2284/h, eta 5m)
  [s2b-k_pawns8-ET] 331/512 games (2282/h, eta 5m)
  [s2b-k_pawns8-ET] 332/512 games (2286/h, eta 5m)
  [s2b-k_pawns8-ET] 333/512 games (2292/h, eta 5m)
  [s2b-k_pawns8-ET] 334/512 games (2281/h, eta 5m)
  [s2b-k_pawns8-ET] 335/512 games (2279/h, eta 5m)
  [s2b-k_pawns8-ET] 336/512 games (2284/h, eta 5m)
  [s2b-k_pawns8-ET] 337/512 games (2290/h, eta 5m)
  [s2b-k_pawns8-ET] 338/512 games (2291/h, eta 5m)
  [s2b-k_pawns8-ET] 339/512 games (2297/h, eta 5m)
  [s2b-k_pawns8-ET] 340/512 games (2302/h, eta 4m)
  [s2b-k_pawns8-ET] 341/512 games (2299/h, eta 4m)
  [s2b-k_pawns8-ET] 342/512 games (2302/h, eta 4m)
  [s2b-k_pawns8-ET] 343/512 games (2281/h, eta 4m)
  [s2b-k_pawns8-ET] 344/512 games (2281/h, eta 4m)
  [s2b-k_pawns8-ET] 345/512 games (2279/h, eta 4m)
  [s2b-k_pawns8-ET] 346/512 games (2286/h, eta 4m)
  [s2b-k_pawns8-ET] 347/512 games (2285/h, eta 4m)
  [s2b-k_pawns8-ET] 348/512 games (2286/h, eta 4m)
  [s2b-k_pawns8-ET] 349/512 games (2292/h, eta 4m)
  [s2b-k_pawns8-ET] 350/512 games (2291/h, eta 4m)
  [s2b-k_pawns8-ET] 351/512 games (2291/h, eta 4m)
  [s2b-k_pawns8-ET] 352/512 games (2296/h, eta 4m)
  [s2b-k_pawns8-ET] 353/512 games (2297/h, eta 4m)
  [s2b-k_pawns8-ET] 354/512 games (2302/h, eta 4m)
  [s2b-k_pawns8-ET] 355/512 games (2305/h, eta 4m)
  [s2b-k_pawns8-ET] 356/512 games (2293/h, eta 4m)
  [s2b-k_pawns8-ET] 357/512 games (2283/h, eta 4m)
  [s2b-k_pawns8-ET] 358/512 games (2284/h, eta 4m)
  [s2b-k_pawns8-ET] 359/512 games (2282/h, eta 4m)
  [s2b-k_pawns8-ET] 360/512 games (2285/h, eta 4m)
  [s2b-k_pawns8-ET] 361/512 games (2262/h, eta 4m)
  [s2b-k_pawns8-ET] 362/512 games (2268/h, eta 4m)
  [s2b-k_pawns8-ET] 363/512 games (2273/h, eta 4m)
  [s2b-k_pawns8-ET] 364/512 games (2275/h, eta 4m)
  [s2b-k_pawns8-ET] 365/512 games (2280/h, eta 4m)
  [s2b-k_pawns8-ET] 366/512 games (2278/h, eta 4m)
  [s2b-k_pawns8-ET] 367/512 games (2284/h, eta 4m)
  [s2b-k_pawns8-ET] 368/512 games (2288/h, eta 4m)
  [s2b-k_pawns8-ET] 369/512 games (2290/h, eta 4m)
  [s2b-k_pawns8-ET] 370/512 games (2295/h, eta 4m)
  [s2b-k_pawns8-ET] 371/512 games (2301/h, eta 4m)
  [s2b-k_pawns8-ET] 372/512 games (2286/h, eta 4m)
  [s2b-k_pawns8-ET] 373/512 games (2290/h, eta 4m)
  [s2b-k_pawns8-ET] 374/512 games (2293/h, eta 4m)
  [s2b-k_pawns8-ET] 375/512 games (2299/h, eta 4m)
  [s2b-k_pawns8-ET] 376/512 games (2304/h, eta 4m)
  [s2b-k_pawns8-ET] 377/512 games (2278/h, eta 4m)
  [s2b-k_pawns8-ET] 378/512 games (2272/h, eta 4m)
  [s2b-k_pawns8-ET] 379/512 games (2277/h, eta 4m)
  [s2b-k_pawns8-ET] 380/512 games (2276/h, eta 3m)
  [s2b-k_pawns8-ET] 381/512 games (2273/h, eta 3m)
  [s2b-k_pawns8-ET] 382/512 games (2278/h, eta 3m)
  [s2b-k_pawns8-ET] 383/512 games (2272/h, eta 3m)
  [s2b-k_pawns8-ET] 384/512 games (2269/h, eta 3m)
  [s2b-k_pawns8-ET] 385/512 games (2274/h, eta 3m)
  [s2b-k_pawns8-ET] 386/512 games (2272/h, eta 3m)
  [s2b-k_pawns8-ET] 387/512 games (2268/h, eta 3m)
  [s2b-k_pawns8-ET] 388/512 games (2272/h, eta 3m)
  [s2b-k_pawns8-ET] 389/512 games (2277/h, eta 3m)
  [s2b-k_pawns8-ET] 390/512 games (2279/h, eta 3m)
  [s2b-k_pawns8-ET] 391/512 games (2282/h, eta 3m)
  [s2b-k_pawns8-ET] 392/512 games (2286/h, eta 3m)
  [s2b-k_pawns8-ET] 393/512 games (2287/h, eta 3m)
  [s2b-k_pawns8-ET] 394/512 games (2286/h, eta 3m)
  [s2b-k_pawns8-ET] 395/512 games (2286/h, eta 3m)
  [s2b-k_pawns8-ET] 396/512 games (2275/h, eta 3m)
  [s2b-k_pawns8-ET] 397/512 games (2281/h, eta 3m)
  [s2b-k_pawns8-ET] 398/512 games (2282/h, eta 3m)
  [s2b-k_pawns8-ET] 399/512 games (2264/h, eta 3m)
  [s2b-k_pawns8-ET] 400/512 games (2264/h, eta 3m)
  [s2b-k_pawns8-ET] 401/512 games (2262/h, eta 3m)
  [s2b-k_pawns8-ET] 402/512 games (2266/h, eta 3m)
  [s2b-k_pawns8-ET] 403/512 games (2272/h, eta 3m)
  [s2b-k_pawns8-ET] 404/512 games (2273/h, eta 3m)
  [s2b-k_pawns8-ET] 405/512 games (2277/h, eta 3m)
  [s2b-k_pawns8-ET] 406/512 games (2281/h, eta 3m)
  [s2b-k_pawns8-ET] 407/512 games (2286/h, eta 3m)
  [s2b-k_pawns8-ET] 408/512 games (2282/h, eta 3m)
  [s2b-k_pawns8-ET] 409/512 games (2284/h, eta 3m)
  [s2b-k_pawns8-ET] 410/512 games (2290/h, eta 3m)
  [s2b-k_pawns8-ET] 411/512 games (2292/h, eta 3m)
  [s2b-k_pawns8-ET] 412/512 games (2293/h, eta 3m)
  [s2b-k_pawns8-ET] 413/512 games (2294/h, eta 3m)
  [s2b-k_pawns8-ET] 414/512 games (2279/h, eta 3m)
  [s2b-k_pawns8-ET] 415/512 games (2278/h, eta 3m)
  [s2b-k_pawns8-ET] 416/512 games (2278/h, eta 3m)
  [s2b-k_pawns8-ET] 417/512 games (2278/h, eta 3m)
  [s2b-k_pawns8-ET] 418/512 games (2274/h, eta 2m)
  [s2b-k_pawns8-ET] 419/512 games (2267/h, eta 2m)
  [s2b-k_pawns8-ET] 420/512 games (2271/h, eta 2m)
  [s2b-k_pawns8-ET] 421/512 games (2274/h, eta 2m)
  [s2b-k_pawns8-ET] 422/512 games (2273/h, eta 2m)
  [s2b-k_pawns8-ET] 423/512 games (2269/h, eta 2m)
  [s2b-k_pawns8-ET] 424/512 games (2270/h, eta 2m)
  [s2b-k_pawns8-ET] 425/512 games (2275/h, eta 2m)
  [s2b-k_pawns8-ET] 426/512 games (2269/h, eta 2m)
  [s2b-k_pawns8-ET] 427/512 games (2274/h, eta 2m)
  [s2b-k_pawns8-ET] 428/512 games (2275/h, eta 2m)
  [s2b-k_pawns8-ET] 429/512 games (2274/h, eta 2m)
  [s2b-k_pawns8-ET] 430/512 games (2274/h, eta 2m)
  [s2b-k_pawns8-ET] 431/512 games (2278/h, eta 2m)
  [s2b-k_pawns8-ET] 432/512 games (2280/h, eta 2m)
  [s2b-k_pawns8-ET] 433/512 games (2277/h, eta 2m)
  [s2b-k_pawns8-ET] 434/512 games (2279/h, eta 2m)
  [s2b-k_pawns8-ET] 435/512 games (2283/h, eta 2m)
  [s2b-k_pawns8-ET] 436/512 games (2279/h, eta 2m)
  [s2b-k_pawns8-ET] 437/512 games (2278/h, eta 2m)
  [s2b-k_pawns8-ET] 438/512 games (2280/h, eta 2m)
  [s2b-k_pawns8-ET] 439/512 games (2282/h, eta 2m)
  [s2b-k_pawns8-ET] 440/512 games (2281/h, eta 2m)
  [s2b-k_pawns8-ET] 441/512 games (2279/h, eta 2m)
  [s2b-k_pawns8-ET] 442/512 games (2278/h, eta 2m)
  [s2b-k_pawns8-ET] 443/512 games (2276/h, eta 2m)
  [s2b-k_pawns8-ET] 444/512 games (2280/h, eta 2m)
  [s2b-k_pawns8-ET] 445/512 games (2278/h, eta 2m)
  [s2b-k_pawns8-ET] 446/512 games (2281/h, eta 2m)
  [s2b-k_pawns8-ET] 447/512 games (2277/h, eta 2m)
  [s2b-k_pawns8-ET] 448/512 games (2282/h, eta 2m)
  [s2b-k_pawns8-ET] 449/512 games (2279/h, eta 2m)
  [s2b-k_pawns8-ET] 450/512 games (2282/h, eta 2m)
  [s2b-k_pawns8-ET] 451/512 games (2274/h, eta 2m)
  [s2b-k_pawns8-ET] 452/512 games (2277/h, eta 2m)
  [s2b-k_pawns8-ET] 453/512 games (2281/h, eta 2m)
  [s2b-k_pawns8-ET] 454/512 games (2285/h, eta 2m)
  [s2b-k_pawns8-ET] 455/512 games (2282/h, eta 1m)
  [s2b-k_pawns8-ET] 456/512 games (2273/h, eta 1m)
  [s2b-k_pawns8-ET] 457/512 games (2274/h, eta 1m)
  [s2b-k_pawns8-ET] 458/512 games (2278/h, eta 1m)
  [s2b-k_pawns8-ET] 459/512 games (2279/h, eta 1m)
  [s2b-k_pawns8-ET] 460/512 games (2283/h, eta 1m)
  [s2b-k_pawns8-ET] 461/512 games (2279/h, eta 1m)
  [s2b-k_pawns8-ET] 462/512 games (2284/h, eta 1m)
  [s2b-k_pawns8-ET] 463/512 games (2270/h, eta 1m)
  [s2b-k_pawns8-ET] 464/512 games (2272/h, eta 1m)
  [s2b-k_pawns8-ET] 465/512 games (2273/h, eta 1m)
/usr/lib/python3.14/multiprocessing/resource_tracker.py:396: UserWarning: resource_tracker: There appear to be 6 leaked semaphore objects to clean up at shutdown: {'/mp-vgj8vsya', '/mp-91s41oh8', '/mp-vsn89i0i', '/mp-_hxp8was', '/mp-_6xi9kgh', '/mp-jufvytj5'}
  warnings.warn(
