10 points, 160 games max
  s0vsrandS-no_q_rr-ET: mat=no_q_rr|reg=ET|nc2=0|dp2=0|k=1|dbl=W|first=W|n=2000|e=search|ns=2000|es=random x16
  s0vsrandD-no_q_rr-ET: mat=no_q_rr|reg=ET|nc2=0|dp2=0|k=1|dbl=W|first=W|n=2000|e=random|ns=2000|es=search x16
  s0vsrandS-monster4-KC: mat=monster4|reg=KC|nc2=0|dp2=0|k=1|dbl=W|first=W|n=2000|e=search|ns=2000|es=random x16
  s0vsrandD-monster4-KC: mat=monster4|reg=KC|nc2=0|dp2=0|k=1|dbl=W|first=W|n=2000|e=random|ns=2000|es=search x16
  s0vsrandS-k_pawns6-ET: mat=k_pawns6|reg=ET|nc2=0|dp2=0|k=1|dbl=W|first=W|n=2000|e=search|ns=2000|es=random x16
  s0vsrandD-k_pawns6-ET: mat=k_pawns6|reg=ET|nc2=0|dp2=0|k=1|dbl=W|first=W|n=2000|e=random|ns=2000|es=search x16
  s0scaleD-no_q_rr-ET: mat=no_q_rr|reg=ET|nc2=0|dp2=0|k=1|dbl=W|first=W|n=4000|e=search|ns=2000|es=search x16
  s0scaleS-no_q_rr-ET: mat=no_q_rr|reg=ET|nc2=0|dp2=0|k=1|dbl=W|first=W|n=2000|e=search|ns=4000|es=search x16
  s0scaleD-k_pawns6-KC: mat=k_pawns6|reg=KC|nc2=0|dp2=0|k=1|dbl=W|first=W|n=4000|e=search|ns=2000|es=search x16
  s0scaleS-k_pawns6-KC: mat=k_pawns6|reg=KC|nc2=0|dp2=0|k=1|dbl=W|first=W|n=2000|e=search|ns=4000|es=search x16
== s0vsrandS-no_q_rr-ET -> experiments/results/gates/s0vsrandS-no_q_rr-ET.jsonl
  [s0vsrandS-no_q_rr-ET] 1/16 games (6373/h, eta 0m)
  [s0vsrandS-no_q_rr-ET] 2/16 games (2836/h, eta 0m)
  [s0vsrandS-no_q_rr-ET] 3/16 games (3662/h, eta 0m)
  [s0vsrandS-no_q_rr-ET] 4/16 games (3516/h, eta 0m)
  [s0vsrandS-no_q_rr-ET] 5/16 games (4066/h, eta 0m)
  [s0vsrandS-no_q_rr-ET] 6/16 games (3694/h, eta 0m)
  [s0vsrandS-no_q_rr-ET] 7/16 games (4125/h, eta 0m)
  [s0vsrandS-no_q_rr-ET] 8/16 games (3701/h, eta 0m)
  [s0vsrandS-no_q_rr-ET] 9/16 games (4135/h, eta 0m)
  [s0vsrandS-no_q_rr-ET] 10/16 games (3995/h, eta 0m)
  [s0vsrandS-no_q_rr-ET] 11/16 games (4389/h, eta 0m)
  [s0vsrandS-no_q_rr-ET] 12/16 games (3696/h, eta 0m)
  [s0vsrandS-no_q_rr-ET] 13/16 games (3997/h, eta 0m)
  [s0vsrandS-no_q_rr-ET] 14/16 games (3911/h, eta 0m)
  [s0vsrandS-no_q_rr-ET] 15/16 games (4161/h, eta 0m)
  [s0vsrandS-no_q_rr-ET] 16/16 games (3794/h, eta 0m)
== s0vsrandD-no_q_rr-ET -> experiments/results/gates/s0vsrandD-no_q_rr-ET.jsonl
  [s0vsrandD-no_q_rr-ET] 1/16 games (1605/h, eta 1m)
  [s0vsrandD-no_q_rr-ET] 2/16 games (2906/h, eta 0m)
  [s0vsrandD-no_q_rr-ET] 3/16 games (3989/h, eta 0m)
  [s0vsrandD-no_q_rr-ET] 4/16 games (5009/h, eta 0m)
  [s0vsrandD-no_q_rr-ET] 5/16 games (3543/h, eta 0m)
  [s0vsrandD-no_q_rr-ET] 6/16 games (4088/h, eta 0m)
  [s0vsrandD-no_q_rr-ET] 7/16 games (4145/h, eta 0m)
  [s0vsrandD-no_q_rr-ET] 8/16 games (4673/h, eta 0m)
  [s0vsrandD-no_q_rr-ET] 9/16 games (4133/h, eta 0m)
  [s0vsrandD-no_q_rr-ET] 10/16 games (4466/h, eta 0m)
  [s0vsrandD-no_q_rr-ET] 11/16 games (4181/h, eta 0m)
  [s0vsrandD-no_q_rr-ET] 12/16 games (4322/h, eta 0m)
  [s0vsrandD-no_q_rr-ET] 13/16 games (4509/h, eta 0m)
  [s0vsrandD-no_q_rr-ET] 14/16 games (4488/h, eta 0m)
  [s0vsrandD-no_q_rr-ET] 15/16 games (4738/h, eta 0m)
  [s0vsrandD-no_q_rr-ET] 16/16 games (4597/h, eta 0m)
== s0vsrandS-monster4-KC -> experiments/results/gates/s0vsrandS-monster4-KC.jsonl
  [s0vsrandS-monster4-KC] 1/16 games (7142/h, eta 0m)
  [s0vsrandS-monster4-KC] 2/16 games (7620/h, eta 0m)
  [s0vsrandS-monster4-KC] 3/16 games (8860/h, eta 0m)
  [s0vsrandS-monster4-KC] 4/16 games (10946/h, eta 0m)
  [s0vsrandS-monster4-KC] 5/16 games (12216/h, eta 0m)
  [s0vsrandS-monster4-KC] 6/16 games (11332/h, eta 0m)
  [s0vsrandS-monster4-KC] 7/16 games (12227/h, eta 0m)
  [s0vsrandS-monster4-KC] 8/16 games (13756/h, eta 0m)
  [s0vsrandS-monster4-KC] 9/16 games (14276/h, eta 0m)
  [s0vsrandS-monster4-KC] 10/16 games (14820/h, eta 0m)
  [s0vsrandS-monster4-KC] 11/16 games (15177/h, eta 0m)
  [s0vsrandS-monster4-KC] 12/16 games (14932/h, eta 0m)
  [s0vsrandS-monster4-KC] 13/16 games (13635/h, eta 0m)
  [s0vsrandS-monster4-KC] 14/16 games (13138/h, eta 0m)
  [s0vsrandS-monster4-KC] 15/16 games (13886/h, eta 0m)
  [s0vsrandS-monster4-KC] 16/16 games (14549/h, eta 0m)
== s0vsrandD-monster4-KC -> experiments/results/gates/s0vsrandD-monster4-KC.jsonl
  [s0vsrandD-monster4-KC] 1/16 games (7968/h, eta 0m)
  [s0vsrandD-monster4-KC] 2/16 games (15933/h, eta 0m)
  [s0vsrandD-monster4-KC] 3/16 games (11615/h, eta 0m)
  [s0vsrandD-monster4-KC] 4/16 games (13872/h, eta 0m)
  [s0vsrandD-monster4-KC] 5/16 games (13473/h, eta 0m)
  [s0vsrandD-monster4-KC] 6/16 games (15933/h, eta 0m)
  [s0vsrandD-monster4-KC] 7/16 games (15038/h, eta 0m)
  [s0vsrandD-monster4-KC] 8/16 games (17045/h, eta 0m)
  [s0vsrandD-monster4-KC] 9/16 games (17799/h, eta 0m)
  [s0vsrandD-monster4-KC] 10/16 games (17323/h, eta 0m)
  [s0vsrandD-monster4-KC] 11/16 games (15260/h, eta 0m)
  [s0vsrandD-monster4-KC] 12/16 games (16640/h, eta 0m)
  [s0vsrandD-monster4-KC] 13/16 games (17572/h, eta 0m)
  [s0vsrandD-monster4-KC] 14/16 games (17292/h, eta 0m)
  [s0vsrandD-monster4-KC] 15/16 games (17882/h, eta 0m)
  [s0vsrandD-monster4-KC] 16/16 games (16868/h, eta 0m)
== s0vsrandS-k_pawns6-ET -> experiments/results/gates/s0vsrandS-k_pawns6-ET.jsonl
  [s0vsrandS-k_pawns6-ET] 1/16 games (1579/h, eta 1m)
  [s0vsrandS-k_pawns6-ET] 2/16 games (2282/h, eta 0m)
  [s0vsrandS-k_pawns6-ET] 3/16 games (3396/h, eta 0m)
  [s0vsrandS-k_pawns6-ET] 4/16 games (4260/h, eta 0m)
  [s0vsrandS-k_pawns6-ET] 5/16 games (3554/h, eta 0m)
  [s0vsrandS-k_pawns6-ET] 6/16 games (3215/h, eta 0m)
  [s0vsrandS-k_pawns6-ET] 7/16 games (3486/h, eta 0m)
  [s0vsrandS-k_pawns6-ET] 8/16 games (3815/h, eta 0m)
  [s0vsrandS-k_pawns6-ET] 9/16 games (4019/h, eta 0m)
  [s0vsrandS-k_pawns6-ET] 10/16 games (4074/h, eta 0m)
  [s0vsrandS-k_pawns6-ET] 11/16 games (4124/h, eta 0m)
  [s0vsrandS-k_pawns6-ET] 12/16 games (3882/h, eta 0m)
  [s0vsrandS-k_pawns6-ET] 13/16 games (4051/h, eta 0m)
  [s0vsrandS-k_pawns6-ET] 14/16 games (4137/h, eta 0m)
  [s0vsrandS-k_pawns6-ET] 15/16 games (3588/h, eta 0m)
  [s0vsrandS-k_pawns6-ET] 16/16 games (3807/h, eta 0m)
== s0vsrandD-k_pawns6-ET -> experiments/results/gates/s0vsrandD-k_pawns6-ET.jsonl
  [s0vsrandD-k_pawns6-ET] 1/16 games (3547/h, eta 0m)
  [s0vsrandD-k_pawns6-ET] 2/16 games (4425/h, eta 0m)
  [s0vsrandD-k_pawns6-ET] 3/16 games (5342/h, eta 0m)
  [s0vsrandD-k_pawns6-ET] 4/16 games (6434/h, eta 0m)
  [s0vsrandD-k_pawns6-ET] 5/16 games (6464/h, eta 0m)
  [s0vsrandD-k_pawns6-ET] 6/16 games (6742/h, eta 0m)
  [s0vsrandD-k_pawns6-ET] 7/16 games (7458/h, eta 0m)
  [s0vsrandD-k_pawns6-ET] 8/16 games (8201/h, eta 0m)
  [s0vsrandD-k_pawns6-ET] 9/16 games (7614/h, eta 0m)
  [s0vsrandD-k_pawns6-ET] 10/16 games (8312/h, eta 0m)
  [s0vsrandD-k_pawns6-ET] 11/16 games (8207/h, eta 0m)
  [s0vsrandD-k_pawns6-ET] 12/16 games (8329/h, eta 0m)
  [s0vsrandD-k_pawns6-ET] 13/16 games (7671/h, eta 0m)
  [s0vsrandD-k_pawns6-ET] 14/16 games (7835/h, eta 0m)
  [s0vsrandD-k_pawns6-ET] 15/16 games (8372/h, eta 0m)
  [s0vsrandD-k_pawns6-ET] 16/16 games (7760/h, eta 0m)
== s0scaleD-no_q_rr-ET -> experiments/results/gates/s0scaleD-no_q_rr-ET.jsonl
  [s0scaleD-no_q_rr-ET] 1/16 games (990/h, eta 1m)
  [s0scaleD-no_q_rr-ET] 2/16 games (967/h, eta 1m)
  [s0scaleD-no_q_rr-ET] 3/16 games (1389/h, eta 1m)
  [s0scaleD-no_q_rr-ET] 4/16 games (1578/h, eta 0m)
  [s0scaleD-no_q_rr-ET] 5/16 games (1617/h, eta 0m)
  [s0scaleD-no_q_rr-ET] 6/16 games (1454/h, eta 0m)
  [s0scaleD-no_q_rr-ET] 7/16 games (1391/h, eta 0m)
  [s0scaleD-no_q_rr-ET] 8/16 games (1361/h, eta 0m)
  [s0scaleD-no_q_rr-ET] 9/16 games (1352/h, eta 0m)
  [s0scaleD-no_q_rr-ET] 10/16 games (1260/h, eta 0m)
  [s0scaleD-no_q_rr-ET] 11/16 games (1369/h, eta 0m)
  [s0scaleD-no_q_rr-ET] 12/16 games (1396/h, eta 0m)
  [s0scaleD-no_q_rr-ET] 13/16 games (1510/h, eta 0m)
  [s0scaleD-no_q_rr-ET] 14/16 games (1623/h, eta 0m)
  [s0scaleD-no_q_rr-ET] 15/16 games (1345/h, eta 0m)
  [s0scaleD-no_q_rr-ET] 16/16 games (1394/h, eta 0m)
== s0scaleS-no_q_rr-ET -> experiments/results/gates/s0scaleS-no_q_rr-ET.jsonl
  [s0scaleS-no_q_rr-ET] 1/16 games (543/h, eta 2m)
  [s0scaleS-no_q_rr-ET] 2/16 games (740/h, eta 1m)
  [s0scaleS-no_q_rr-ET] 3/16 games (874/h, eta 1m)
  [s0scaleS-no_q_rr-ET] 4/16 games (1070/h, eta 1m)
  [s0scaleS-no_q_rr-ET] 5/16 games (1270/h, eta 1m)
  [s0scaleS-no_q_rr-ET] 6/16 games (1314/h, eta 0m)
