3 points, 72 games max
  s1-full-KC: mat=full|reg=KC|nc2=0|dp2=0|k=1|dbl=W|first=W|n=3000|e=search x24
  s1-full-ET: mat=full|reg=ET|nc2=0|dp2=0|k=1|dbl=W|first=W|n=3000|e=search x24
  s1-full-IL: mat=full|reg=IL|nc2=0|dp2=0|k=1|dbl=W|first=W|n=3000|e=search x24
== s1-full-KC -> experiments/results/pilot/s1-full-KC.jsonl
  [s1-full-KC] 1/24 games (10646/h, eta 0m)
  [s1-full-KC] 2/24 games (12281/h, eta 0m)
  [s1-full-KC] 3/24 games (15712/h, eta 0m)
  [s1-full-KC] 4/24 games (13435/h, eta 0m)
  [s1-full-KC] 5/24 games (15378/h, eta 0m)
  [s1-full-KC] 6/24 games (14515/h, eta 0m)
  [s1-full-KC] 7/24 games (12014/h, eta 0m)
  [s1-full-KC] 8/24 games (12662/h, eta 0m)
  [s1-full-KC] 9/24 games (12547/h, eta 0m)
  [s1-full-KC] 10/24 games (10850/h, eta 0m)
  [s1-full-KC] 11/24 games (10716/h, eta 0m)
  [s1-full-KC] 12/24 games (11248/h, eta 0m)
  [s1-full-KC] 13/24 games (11040/h, eta 0m)
  [s1-full-KC] 14/24 games (11638/h, eta 0m)
  [s1-full-KC] 15/24 games (12114/h, eta 0m)
  [s1-full-KC] 16/24 games (12249/h, eta 0m)
  [s1-full-KC] 17/24 games (12886/h, eta 0m)
  [s1-full-KC] 18/24 games (12497/h, eta 0m)
  [s1-full-KC] 19/24 games (10862/h, eta 0m)
  [s1-full-KC] 20/24 games (11398/h, eta 0m)
  [s1-full-KC] 21/24 games (11865/h, eta 0m)
  [s1-full-KC] 22/24 games (11967/h, eta 0m)
  [s1-full-KC] 23/24 games (12127/h, eta 0m)
  [s1-full-KC] 24/24 games (11178/h, eta 0m)
== s1-full-ET -> experiments/results/pilot/s1-full-ET.jsonl
  [s1-full-ET] 1/24 games (3647/h, eta 0m)
  [s1-full-ET] 2/24 games (3078/h, eta 0m)
  [s1-full-ET] 3/24 games (3277/h, eta 0m)
  [s1-full-ET] 4/24 games (3633/h, eta 0m)
  [s1-full-ET] 5/24 games (4274/h, eta 0m)
  [s1-full-ET] 6/24 games (4461/h, eta 0m)
  [s1-full-ET] 7/24 games (4401/h, eta 0m)
  [s1-full-ET] 8/24 games (3110/h, eta 0m)
  [s1-full-ET] 9/24 games (2655/h, eta 0m)
  [s1-full-ET] 10/24 games (2726/h, eta 0m)
  [s1-full-ET] 11/24 games (2675/h, eta 0m)
  [s1-full-ET] 12/24 games (2649/h, eta 0m)
  [s1-full-ET] 13/24 games (2639/h, eta 0m)
  [s1-full-ET] 14/24 games (2535/h, eta 0m)
  [s1-full-ET] 15/24 games (2682/h, eta 0m)
  [s1-full-ET] 16/24 games (2002/h, eta 0m)
  [s1-full-ET] 17/24 games (2064/h, eta 0m)
  [s1-full-ET] 18/24 games (2185/h, eta 0m)
  [s1-full-ET] 19/24 games (2294/h, eta 0m)
  [s1-full-ET] 20/24 games (2405/h, eta 0m)
  [s1-full-ET] 21/24 games (2308/h, eta 0m)
  [s1-full-ET] 22/24 games (1999/h, eta 0m)
  [s1-full-ET] 23/24 games (2077/h, eta 0m)
  [s1-full-ET] 24/24 games (2152/h, eta 0m)
== s1-full-IL -> experiments/results/pilot/s1-full-IL.jsonl
  [s1-full-IL] 1/24 games (4019/h, eta 0m)
  [s1-full-IL] 2/24 games (4137/h, eta 0m)
  [s1-full-IL] 3/24 games (2574/h, eta 0m)
  [s1-full-IL] 4/24 games (2801/h, eta 0m)
  [s1-full-IL] 5/24 games (3058/h, eta 0m)
  [s1-full-IL] 6/24 games (3151/h, eta 0m)
  [s1-full-IL] 7/24 games (3376/h, eta 0m)
  [s1-full-IL] 8/24 games (2688/h, eta 0m)
  [s1-full-IL] 9/24 games (2920/h, eta 0m)
  [s1-full-IL] 10/24 games (3033/h, eta 0m)
  [s1-full-IL] 11/24 games (2854/h, eta 0m)
  [s1-full-IL] 12/24 games (2942/h, eta 0m)
  [s1-full-IL] 13/24 games (2683/h, eta 0m)
  [s1-full-IL] 14/24 games (2770/h, eta 0m)
  [s1-full-IL] 15/24 games (2321/h, eta 0m)
  [s1-full-IL] 16/24 games (2332/h, eta 0m)
  [s1-full-IL] 17/24 games (2357/h, eta 0m)
  [s1-full-IL] 18/24 games (2390/h, eta 0m)
  [s1-full-IL] 19/24 games (2461/h, eta 0m)
  [s1-full-IL] 20/24 games (2543/h, eta 0m)
  [s1-full-IL] 21/24 games (2646/h, eta 0m)
  [s1-full-IL] 22/24 games (2758/h, eta 0m)
  [s1-full-IL] 23/24 games (2392/h, eta 0m)
  [s1-full-IL] 24/24 games (2155/h, eta 0m)
20 points, 640 games max
  s2-no_q-KC: mat=no_q|reg=KC|nc2=0|dp2=0|k=1|dbl=W|first=W|n=3000|e=search x32
  s2-no_q_r-KC: mat=no_q_r|reg=KC|nc2=0|dp2=0|k=1|dbl=W|first=W|n=3000|e=search x32
  s2-no_q_rr-KC: mat=no_q_rr|reg=KC|nc2=0|dp2=0|k=1|dbl=W|first=W|n=3000|e=search x32
  s2-bishops_pawns-KC: mat=bishops_pawns|reg=KC|nc2=0|dp2=0|k=1|dbl=W|first=W|n=3000|e=search x32
  s2-knights_pawns-KC: mat=knights_pawns|reg=KC|nc2=0|dp2=0|k=1|dbl=W|first=W|n=3000|e=search x32
  s2-k_n_pawns-KC: mat=k_n_pawns|reg=KC|nc2=0|dp2=0|k=1|dbl=W|first=W|n=3000|e=search x32
  s2-k_pawns8-KC: mat=k_pawns8|reg=KC|nc2=0|dp2=0|k=1|dbl=W|first=W|n=3000|e=search x32
  s2-k_pawns6-KC: mat=k_pawns6|reg=KC|nc2=0|dp2=0|k=1|dbl=W|first=W|n=3000|e=search x32
  s2-monster4-KC: mat=monster4|reg=KC|nc2=0|dp2=0|k=1|dbl=W|first=W|n=3000|e=search x32
  s2-k_pawns3-KC: mat=k_pawns3|reg=KC|nc2=0|dp2=0|k=1|dbl=W|first=W|n=3000|e=search x32
  s2-no_q-ET: mat=no_q|reg=ET|nc2=0|dp2=0|k=1|dbl=W|first=W|n=3000|e=search x32
  s2-no_q_r-ET: mat=no_q_r|reg=ET|nc2=0|dp2=0|k=1|dbl=W|first=W|n=3000|e=search x32
  s2-no_q_rr-ET: mat=no_q_rr|reg=ET|nc2=0|dp2=0|k=1|dbl=W|first=W|n=3000|e=search x32
  s2-bishops_pawns-ET: mat=bishops_pawns|reg=ET|nc2=0|dp2=0|k=1|dbl=W|first=W|n=3000|e=search x32
  s2-knights_pawns-ET: mat=knights_pawns|reg=ET|nc2=0|dp2=0|k=1|dbl=W|first=W|n=3000|e=search x32
  s2-k_n_pawns-ET: mat=k_n_pawns|reg=ET|nc2=0|dp2=0|k=1|dbl=W|first=W|n=3000|e=search x32
  s2-k_pawns8-ET: mat=k_pawns8|reg=ET|nc2=0|dp2=0|k=1|dbl=W|first=W|n=3000|e=search x32
  s2-k_pawns6-ET: mat=k_pawns6|reg=ET|nc2=0|dp2=0|k=1|dbl=W|first=W|n=3000|e=search x32
  s2-monster4-ET: mat=monster4|reg=ET|nc2=0|dp2=0|k=1|dbl=W|first=W|n=3000|e=search x32
  s2-k_pawns3-ET: mat=k_pawns3|reg=ET|nc2=0|dp2=0|k=1|dbl=W|first=W|n=3000|e=search x32
== s2-no_q-KC -> experiments/results/pilot/s2-no_q-KC.jsonl
  [s2-no_q-KC] 1/32 games (2573/h, eta 1m)
  [s2-no_q-KC] 2/32 games (3312/h, eta 1m)
  [s2-no_q-KC] 3/32 games (4140/h, eta 0m)
  [s2-no_q-KC] 4/32 games (5373/h, eta 0m)
  [s2-no_q-KC] 5/32 games (6205/h, eta 0m)
  [s2-no_q-KC] 6/32 games (5883/h, eta 0m)
  [s2-no_q-KC] 7/32 games (4201/h, eta 0m)
  [s2-no_q-KC] 8/32 games (4532/h, eta 0m)
  [s2-no_q-KC] 9/32 games (5001/h, eta 0m)
  [s2-no_q-KC] 10/32 games (4939/h, eta 0m)
  [s2-no_q-KC] 11/32 games (4706/h, eta 0m)
  [s2-no_q-KC] 12/32 games (4710/h, eta 0m)
  [s2-no_q-KC] 13/32 games (4765/h, eta 0m)
  [s2-no_q-KC] 14/32 games (4987/h, eta 0m)
  [s2-no_q-KC] 15/32 games (4952/h, eta 0m)
  [s2-no_q-KC] 16/32 games (4663/h, eta 0m)
  [s2-no_q-KC] 17/32 games (4752/h, eta 0m)
  [s2-no_q-KC] 18/32 games (4727/h, eta 0m)
  [s2-no_q-KC] 19/32 games (4750/h, eta 0m)
  [s2-no_q-KC] 20/32 games (4943/h, eta 0m)
  [s2-no_q-KC] 21/32 games (5021/h, eta 0m)
  [s2-no_q-KC] 22/32 games (5232/h, eta 0m)
  [s2-no_q-KC] 23/32 games (5404/h, eta 0m)
  [s2-no_q-KC] 24/32 games (5605/h, eta 0m)
  [s2-no_q-KC] 25/32 games (5641/h, eta 0m)
  [s2-no_q-KC] 26/32 games (5859/h, eta 0m)
  [s2-no_q-KC] 27/32 games (5716/h, eta 0m)
  [s2-no_q-KC] 28/32 games (5924/h, eta 0m)
  [s2-no_q-KC] 29/32 games (5824/h, eta 0m)
  [s2-no_q-KC] 30/32 games (5655/h, eta 0m)
  [s2-no_q-KC] 31/32 games (5515/h, eta 0m)
  [s2-no_q-KC] 32/32 games (4976/h, eta 0m)
== s2-no_q_r-KC -> experiments/results/pilot/s2-no_q_r-KC.jsonl
  [s2-no_q_r-KC] 1/32 games (9006/h, eta 0m)
  [s2-no_q_r-KC] 2/32 games (12662/h, eta 0m)
  [s2-no_q_r-KC] 3/32 games (15937/h, eta 0m)
  [s2-no_q_r-KC] 4/32 games (9420/h, eta 0m)
  [s2-no_q_r-KC] 5/32 games (10320/h, eta 0m)
  [s2-no_q_r-KC] 6/32 games (10381/h, eta 0m)
  [s2-no_q_r-KC] 7/32 games (9088/h, eta 0m)
  [s2-no_q_r-KC] 8/32 games (9460/h, eta 0m)
  [s2-no_q_r-KC] 9/32 games (9785/h, eta 0m)
  [s2-no_q_r-KC] 10/32 games (10639/h, eta 0m)
  [s2-no_q_r-KC] 11/32 games (11291/h, eta 0m)
  [s2-no_q_r-KC] 12/32 games (12141/h, eta 0m)
  [s2-no_q_r-KC] 13/32 games (12574/h, eta 0m)
  [s2-no_q_r-KC] 14/32 games (10821/h, eta 0m)
  [s2-no_q_r-KC] 15/32 games (9509/h, eta 0m)
  [s2-no_q_r-KC] 16/32 games (9380/h, eta 0m)
  [s2-no_q_r-KC] 17/32 games (9452/h, eta 0m)
  [s2-no_q_r-KC] 18/32 games (9900/h, eta 0m)
  [s2-no_q_r-KC] 19/32 games (10353/h, eta 0m)
  [s2-no_q_r-KC] 20/32 games (10167/h, eta 0m)
  [s2-no_q_r-KC] 21/32 games (9986/h, eta 0m)
  [s2-no_q_r-KC] 22/32 games (10259/h, eta 0m)
  [s2-no_q_r-KC] 23/32 games (10555/h, eta 0m)
  [s2-no_q_r-KC] 24/32 games (10647/h, eta 0m)
  [s2-no_q_r-KC] 25/32 games (10360/h, eta 0m)
  [s2-no_q_r-KC] 26/32 games (9355/h, eta 0m)
  [s2-no_q_r-KC] 27/32 games (9546/h, eta 0m)
  [s2-no_q_r-KC] 28/32 games (9170/h, eta 0m)
  [s2-no_q_r-KC] 29/32 games (9409/h, eta 0m)
  [s2-no_q_r-KC] 30/32 games (9001/h, eta 0m)
  [s2-no_q_r-KC] 31/32 games (9153/h, eta 0m)
  [s2-no_q_r-KC] 32/32 games (9242/h, eta 0m)
== s2-no_q_rr-KC -> experiments/results/pilot/s2-no_q_rr-KC.jsonl
  [s2-no_q_rr-KC] 1/32 games (10020/h, eta 0m)
  [s2-no_q_rr-KC] 2/32 games (12824/h, eta 0m)
  [s2-no_q_rr-KC] 3/32 games (12152/h, eta 0m)
  [s2-no_q_rr-KC] 4/32 games (10350/h, eta 0m)
  [s2-no_q_rr-KC] 5/32 games (12184/h, eta 0m)
  [s2-no_q_rr-KC] 6/32 games (12425/h, eta 0m)
  [s2-no_q_rr-KC] 7/32 games (12605/h, eta 0m)
  [s2-no_q_rr-KC] 8/32 games (13934/h, eta 0m)
  [s2-no_q_rr-KC] 9/32 games (10127/h, eta 0m)
  [s2-no_q_rr-KC] 10/32 games (10386/h, eta 0m)
  [s2-no_q_rr-KC] 11/32 games (9447/h, eta 0m)
  [s2-no_q_rr-KC] 12/32 games (9689/h, eta 0m)
  [s2-no_q_rr-KC] 13/32 games (10058/h, eta 0m)
  [s2-no_q_rr-KC] 14/32 games (9258/h, eta 0m)
  [s2-no_q_rr-KC] 15/32 games (8629/h, eta 0m)
  [s2-no_q_rr-KC] 16/32 games (8676/h, eta 0m)
  [s2-no_q_rr-KC] 17/32 games (8954/h, eta 0m)
  [s2-no_q_rr-KC] 18/32 games (8033/h, eta 0m)
  [s2-no_q_rr-KC] 19/32 games (7912/h, eta 0m)
  [s2-no_q_rr-KC] 20/32 games (8160/h, eta 0m)
  [s2-no_q_rr-KC] 21/32 games (8225/h, eta 0m)
  [s2-no_q_rr-KC] 22/32 games (8361/h, eta 0m)
  [s2-no_q_rr-KC] 23/32 games (7910/h, eta 0m)
  [s2-no_q_rr-KC] 24/32 games (8136/h, eta 0m)
  [s2-no_q_rr-KC] 25/32 games (8438/h, eta 0m)
  [s2-no_q_rr-KC] 26/32 games (8589/h, eta 0m)
  [s2-no_q_rr-KC] 27/32 games (8794/h, eta 0m)
  [s2-no_q_rr-KC] 28/32 games (8597/h, eta 0m)
  [s2-no_q_rr-KC] 29/32 games (8875/h, eta 0m)
  [s2-no_q_rr-KC] 30/32 games (9161/h, eta 0m)
  [s2-no_q_rr-KC] 31/32 games (8634/h, eta 0m)
  [s2-no_q_rr-KC] 32/32 games (8502/h, eta 0m)
== s2-bishops_pawns-KC -> experiments/results/pilot/s2-bishops_pawns-KC.jsonl
  [s2-bishops_pawns-KC] 1/32 games (12996/h, eta 0m)
  [s2-bishops_pawns-KC] 2/32 games (2734/h, eta 1m)
  [s2-bishops_pawns-KC] 3/32 games (2402/h, eta 1m)
  [s2-bishops_pawns-KC] 4/32 games (2370/h, eta 1m)
  [s2-bishops_pawns-KC] 5/32 games (2702/h, eta 1m)
  [s2-bishops_pawns-KC] 6/32 games (2898/h, eta 1m)
  [s2-bishops_pawns-KC] 7/32 games (2837/h, eta 1m)
  [s2-bishops_pawns-KC] 8/32 games (2938/h, eta 0m)
  [s2-bishops_pawns-KC] 9/32 games (3071/h, eta 0m)
  [s2-bishops_pawns-KC] 10/32 games (3271/h, eta 0m)
  [s2-bishops_pawns-KC] 11/32 games (3436/h, eta 0m)
  [s2-bishops_pawns-KC] 12/32 games (3731/h, eta 0m)
  [s2-bishops_pawns-KC] 13/32 games (3446/h, eta 0m)
  [s2-bishops_pawns-KC] 14/32 games (3524/h, eta 0m)
  [s2-bishops_pawns-KC] 15/32 games (3476/h, eta 0m)
  [s2-bishops_pawns-KC] 16/32 games (3455/h, eta 0m)
  [s2-bishops_pawns-KC] 17/32 games (3624/h, eta 0m)
  [s2-bishops_pawns-KC] 18/32 games (3557/h, eta 0m)
  [s2-bishops_pawns-KC] 19/32 games (3730/h, eta 0m)
  [s2-bishops_pawns-KC] 20/32 games (3887/h, eta 0m)
  [s2-bishops_pawns-KC] 21/32 games (4008/h, eta 0m)
  [s2-bishops_pawns-KC] 22/32 games (4107/h, eta 0m)
  [s2-bishops_pawns-KC] 23/32 games (4271/h, eta 0m)
  [s2-bishops_pawns-KC] 24/32 games (4387/h, eta 0m)
  [s2-bishops_pawns-KC] 25/32 games (4220/h, eta 0m)
  [s2-bishops_pawns-KC] 26/32 games (4326/h, eta 0m)
  [s2-bishops_pawns-KC] 27/32 games (4208/h, eta 0m)
  [s2-bishops_pawns-KC] 28/32 games (4091/h, eta 0m)
  [s2-bishops_pawns-KC] 29/32 games (4228/h, eta 0m)
  [s2-bishops_pawns-KC] 30/32 games (4088/h, eta 0m)
  [s2-bishops_pawns-KC] 31/32 games (4085/h, eta 0m)
  [s2-bishops_pawns-KC] 32/32 games (3834/h, eta 0m)
== s2-knights_pawns-KC -> experiments/results/pilot/s2-knights_pawns-KC.jsonl
  [s2-knights_pawns-KC] 1/32 games (13532/h, eta 0m)
  [s2-knights_pawns-KC] 2/32 games (13779/h, eta 0m)
  [s2-knights_pawns-KC] 3/32 games (6654/h, eta 0m)
  [s2-knights_pawns-KC] 4/32 games (8373/h, eta 0m)
  [s2-knights_pawns-KC] 5/32 games (9673/h, eta 0m)
  [s2-knights_pawns-KC] 6/32 games (10640/h, eta 0m)
  [s2-knights_pawns-KC] 7/32 games (12256/h, eta 0m)
  [s2-knights_pawns-KC] 8/32 games (13753/h, eta 0m)
  [s2-knights_pawns-KC] 9/32 games (13288/h, eta 0m)
  [s2-knights_pawns-KC] 10/32 games (10028/h, eta 0m)
  [s2-knights_pawns-KC] 11/32 games (9169/h, eta 0m)
  [s2-knights_pawns-KC] 12/32 games (9665/h, eta 0m)
  [s2-knights_pawns-KC] 13/32 games (10334/h, eta 0m)
  [s2-knights_pawns-KC] 14/32 games (9228/h, eta 0m)
  [s2-knights_pawns-KC] 15/32 games (8393/h, eta 0m)
  [s2-knights_pawns-KC] 16/32 games (8667/h, eta 0m)
  [s2-knights_pawns-KC] 17/32 games (8719/h, eta 0m)
  [s2-knights_pawns-KC] 18/32 games (9158/h, eta 0m)
  [s2-knights_pawns-KC] 19/32 games (9427/h, eta 0m)
  [s2-knights_pawns-KC] 20/32 games (9609/h, eta 0m)
  [s2-knights_pawns-KC] 21/32 games (9612/h, eta 0m)
  [s2-knights_pawns-KC] 22/32 games (9779/h, eta 0m)
  [s2-knights_pawns-KC] 23/32 games (10075/h, eta 0m)
  [s2-knights_pawns-KC] 24/32 games (10105/h, eta 0m)
  [s2-knights_pawns-KC] 25/32 games (9851/h, eta 0m)
  [s2-knights_pawns-KC] 26/32 games (9984/h, eta 0m)
  [s2-knights_pawns-KC] 27/32 games (9961/h, eta 0m)
  [s2-knights_pawns-KC] 28/32 games (10103/h, eta 0m)
  [s2-knights_pawns-KC] 29/32 games (10134/h, eta 0m)
  [s2-knights_pawns-KC] 30/32 games (10047/h, eta 0m)
  [s2-knights_pawns-KC] 31/32 games (9823/h, eta 0m)
  [s2-knights_pawns-KC] 32/32 games (7520/h, eta 0m)
== s2-k_n_pawns-KC -> experiments/results/pilot/s2-k_n_pawns-KC.jsonl
  [s2-k_n_pawns-KC] 1/32 games (16890/h, eta 0m)
  [s2-k_n_pawns-KC] 2/32 games (30889/h, eta 0m)
  [s2-k_n_pawns-KC] 3/32 games (30107/h, eta 0m)
  [s2-k_n_pawns-KC] 4/32 games (35671/h, eta 0m)
  [s2-k_n_pawns-KC] 5/32 games (32459/h, eta 0m)
  [s2-k_n_pawns-KC] 6/32 games (37871/h, eta 0m)
  [s2-k_n_pawns-KC] 7/32 games (33635/h, eta 0m)
  [s2-k_n_pawns-KC] 8/32 games (37445/h, eta 0m)
  [s2-k_n_pawns-KC] 9/32 games (38624/h, eta 0m)
  [s2-k_n_pawns-KC] 10/32 games (38341/h, eta 0m)
  [s2-k_n_pawns-KC] 11/32 games (37040/h, eta 0m)
  [s2-k_n_pawns-KC] 12/32 games (39532/h, eta 0m)
  [s2-k_n_pawns-KC] 13/32 games (36594/h, eta 0m)
  [s2-k_n_pawns-KC] 14/32 games (39063/h, eta 0m)
  [s2-k_n_pawns-KC] 15/32 games (35969/h, eta 0m)
  [s2-k_n_pawns-KC] 16/32 games (34468/h, eta 0m)
  [s2-k_n_pawns-KC] 17/32 games (36365/h, eta 0m)
  [s2-k_n_pawns-KC] 18/32 games (34429/h, eta 0m)
  [s2-k_n_pawns-KC] 19/32 games (34083/h, eta 0m)
  [s2-k_n_pawns-KC] 20/32 games (32600/h, eta 0m)
  [s2-k_n_pawns-KC] 21/32 games (34075/h, eta 0m)
  [s2-k_n_pawns-KC] 22/32 games (32774/h, eta 0m)
  [s2-k_n_pawns-KC] 23/32 games (32644/h, eta 0m)
  [s2-k_n_pawns-KC] 24/32 games (31604/h, eta 0m)
  [s2-k_n_pawns-KC] 25/32 games (32761/h, eta 0m)
  [s2-k_n_pawns-KC] 26/32 games (31803/h, eta 0m)
  [s2-k_n_pawns-KC] 27/32 games (31631/h, eta 0m)
  [s2-k_n_pawns-KC] 28/32 games (30758/h, eta 0m)
  [s2-k_n_pawns-KC] 29/32 games (31837/h, eta 0m)
  [s2-k_n_pawns-KC] 30/32 games (30006/h, eta 0m)
  [s2-k_n_pawns-KC] 31/32 games (22058/h, eta 0m)
  [s2-k_n_pawns-KC] 32/32 games (13129/h, eta 0m)
== s2-k_pawns8-KC -> experiments/results/pilot/s2-k_pawns8-KC.jsonl
  [s2-k_pawns8-KC] 1/32 games (1721/h, eta 1m)
  [s2-k_pawns8-KC] 2/32 games (3197/h, eta 1m)
  [s2-k_pawns8-KC] 3/32 games (2880/h, eta 1m)
  [s2-k_pawns8-KC] 4/32 games (2373/h, eta 1m)
  [s2-k_pawns8-KC] 5/32 games (2163/h, eta 1m)
  [s2-k_pawns8-KC] 6/32 games (2579/h, eta 1m)
  [s2-k_pawns8-KC] 7/32 games (2137/h, eta 1m)
  [s2-k_pawns8-KC] 8/32 games (2340/h, eta 1m)
  [s2-k_pawns8-KC] 9/32 games (2499/h, eta 1m)
  [s2-k_pawns8-KC] 10/32 games (2243/h, eta 1m)
  [s2-k_pawns8-KC] 11/32 games (2421/h, eta 1m)
  [s2-k_pawns8-KC] 12/32 games (2544/h, eta 0m)
  [s2-k_pawns8-KC] 13/32 games (2661/h, eta 0m)
  [s2-k_pawns8-KC] 14/32 games (2290/h, eta 0m)
  [s2-k_pawns8-KC] 15/32 games (2237/h, eta 0m)
  [s2-k_pawns8-KC] 16/32 games (2346/h, eta 0m)
  [s2-k_pawns8-KC] 17/32 games (2440/h, eta 0m)
  [s2-k_pawns8-KC] 18/32 games (2518/h, eta 0m)
  [s2-k_pawns8-KC] 19/32 games (2653/h, eta 0m)
  [s2-k_pawns8-KC] 20/32 games (2721/h, eta 0m)
  [s2-k_pawns8-KC] 21/32 games (2583/h, eta 0m)
  [s2-k_pawns8-KC] 22/32 games (2660/h, eta 0m)
  [s2-k_pawns8-KC] 23/32 games (2481/h, eta 0m)
  [s2-k_pawns8-KC] 24/32 games (2580/h, eta 0m)
  [s2-k_pawns8-KC] 25/32 games (2668/h, eta 0m)
  [s2-k_pawns8-KC] 26/32 games (2633/h, eta 0m)
  [s2-k_pawns8-KC] 27/32 games (2708/h, eta 0m)
  [s2-k_pawns8-KC] 28/32 games (2682/h, eta 0m)
  [s2-k_pawns8-KC] 29/32 games (2552/h, eta 0m)
  [s2-k_pawns8-KC] 30/32 games (2533/h, eta 0m)
  [s2-k_pawns8-KC] 31/32 games (2562/h, eta 0m)
  [s2-k_pawns8-KC] 32/32 games (2343/h, eta 0m)
== s2-k_pawns6-KC -> experiments/results/pilot/s2-k_pawns6-KC.jsonl
  [s2-k_pawns6-KC] 1/32 games (1168/h, eta 2m)
